// Jest Snapshot v1, https://goo.gl/fbAQLP

exports[`Dumb test should render correctly 1`] = `
<div
  className="dumb"
>
  smth
</div>
`;
